// Jest Snapshot v1, https://goo.gl/fbAQLP

exports[`matches snapshot 1`] = `
<li
  className="cardsItem"
  data-testid="card"
>
  <div
    className="card"
  >
    <div
      className="card_content"
    >
      <h1
        className="card_title"
      >
        test
      </h1>
      <p
        className="card_text"
      >
        tesssssst
      </p>
      <p
        className="author"
      >
        Igor
      </p>
      <p
        className="date"
      >
        Apr 12, 2017
      </p>
      <button
        className="btn"
      >
        Read More
      </button>
    </div>
  </div>
</li>
`;
