// Jest Snapshot v1, https://goo.gl/fbAQLP

exports[`matches snapshot 1`] = `
<li
  className="item"
  data-testid="card"
>
  <div
    className="container"
  >
    <div
      className="content"
    >
      <h3
        className="title"
      >
        Don't worry
      </h3>
      <p
        className="text"
      >
        Every little thing gonna be all right
      </p>
      <p
        className="author"
      >
        Bob
      </p>
      <p
        className="date"
      >
        Apr 12, 2017
      </p>
    </div>
  </div>
</li>
`;
